C:/Users/kou10/STM32CubeIDE/workspace_1.12.1/Trace_Speed/User/LCD_c.h:32:6:LCD_write	32	static
C:/Users/kou10/STM32CubeIDE/workspace_1.12.1/Trace_Speed/User/LCD_c.h:44:6:LCD_print	24	static
C:/Users/kou10/STM32CubeIDE/workspace_1.12.1/Trace_Speed/User/LCD_c.h:54:6:LCD_disp	16	static
C:/Users/kou10/STM32CubeIDE/workspace_1.12.1/Trace_Speed/User/LCD_c.h:88:6:LCD_clear	32	static
C:/Users/kou10/STM32CubeIDE/workspace_1.12.1/Trace_Speed/User/LCD_c.h:103:6:LCD_init	32	static
C:/Users/kou10/STM32CubeIDE/workspace_1.12.1/Trace_Speed/User/LCD_c.h:125:6:LCD_dec_out	32	static
C:/Users/kou10/STM32CubeIDE/workspace_1.12.1/Trace_Speed/User/Beep.h:27:6:Beep	40	static
../Core/Src/main.c:132:5:__io_putchar	16	static
../Core/Src/main.c:142:5:main	8	static
../Core/Src/main.c:229:6:SystemClock_Config	96	static
../Core/Src/main.c:275:6:set_param1	4	static
../Core/Src/main.c:285:6:set_param2	4	static
../Core/Src/main.c:297:6:set_param3	4	static
../Core/Src/main.c:310:6:set_param4	4	static
../Core/Src/main.c:323:6:set_param5	4	static
../Core/Src/main.c:336:6:select_mode	152	static
../Core/Src/main.c:1372:6:HAL_TIM_PeriodElapsedCallback	24	static
../Core/Src/main.c:1441:6:HAL_ADC_ConvCpltCallback	16	static
../Core/Src/main.c:1460:6:mot_r_drive	16	static
../Core/Src/main.c:1478:6:mot_l_drive	16	static
../Core/Src/main.c:1496:6:finish	8	static
../Core/Src/main.c:1509:6:Error_Handler	4	static,ignoring_inline_asm
